src/components/chat/ChatMessage.tsx(149,29): error TS2322: Type '{ children: string; remarkPlugins: ((options?: Options | null | undefined) => undefined)[]; className: string; components: { code({ node, inline, className, children, ...props }: any): Element; }; }' is not assignable to type 'IntrinsicAttributes & Readonly<Options>'.
  Property 'className' does not exist on type 'IntrinsicAttributes & Readonly<Options>'.
